错误编号    出错原因                解决办法
E01         导入库错误。            安装所需库或升级python版本。
E02         安装库错误。            检查网络连接，稍后再试，或手动安装所需库。

退出代码    退出原因
1           E01;E02
